*** Using Compiler '', folder: 'D:\ProgramingSoftware\Keil_v5\ARM\ARMCLANG\Bin'
Build target '…Ò÷€III∫≈'
compiling stm32f10x_gpio.c...
*** Error: CreateProcess failed, Command: '"D:\ProgramingSoftware\Keil_v5\ARM\ARMCLANG\Bin\ArmCC" --via "..\output\stm32f10x_gpio.__i"'
compiling misc.c...
*** Error: CreateProcess failed, Command: '"D:\ProgramingSoftware\Keil_v5\ARM\ARMCLANG\Bin\ArmCC" --via "..\output\misc.__i"'
compiling main.c...
*** Error: CreateProcess failed, Command: '"D:\ProgramingSoftware\Keil_v5\ARM\ARMCLANG\Bin\ArmCC" --via "..\output\main.__i"'
compiling stm32f10x_adc.c...
*** Error: CreateProcess failed, Command: '"D:\ProgramingSoftware\Keil_v5\ARM\ARMCLANG\Bin\ArmCC" --via "..\output\stm32f10x_adc.__i"'
compiling stm32f10x_bkp.c...
*** Error: CreateProcess failed, Command: '"D:\ProgramingSoftware\Keil_v5\ARM\ARMCLANG\Bin\ArmCC" --via "..\output\stm32f10x_bkp.__i"'
compiling stm32f10x_cec.c...
*** Error: CreateProcess failed, Command: '"D:\ProgramingSoftware\Keil_v5\ARM\ARMCLANG\Bin\ArmCC" --via "..\output\stm32f10x_cec.__i"'
compiling stm32f10x_crc.c...
*** Error: CreateProcess failed, Command: '"D:\ProgramingSoftware\Keil_v5\ARM\ARMCLANG\Bin\ArmCC" --via "..\output\stm32f10x_crc.__i"'
compiling stm32f10x_can.c...
*** Error: CreateProcess failed, Command: '"D:\ProgramingSoftware\Keil_v5\ARM\ARMCLANG\Bin\ArmCC" --via "..\output\stm32f10x_can.__i"'
compiling stm32f10x_dac.c...
*** Error: CreateProcess failed, Command: '"D:\ProgramingSoftware\Keil_v5\ARM\ARMCLANG\Bin\ArmCC" --via "..\output\stm32f10x_dac.__i"'
compiling stm32f10x_rcc.c...
*** Error: CreateProcess failed, Command: '"D:\ProgramingSoftware\Keil_v5\ARM\ARMCLANG\Bin\ArmCC" --via "..\output\stm32f10x_rcc.__i"'
compiling stm32f10x_dbgmcu.c...
*** Error: CreateProcess failed, Command: '"D:\ProgramingSoftware\Keil_v5\ARM\ARMCLANG\Bin\ArmCC" --via "..\output\stm32f10x_dbgmcu.__i"'
compiling stm32f10x_dma.c...
*** Error: CreateProcess failed, Command: '"D:\ProgramingSoftware\Keil_v5\ARM\ARMCLANG\Bin\ArmCC" --via "..\output\stm32f10x_dma.__i"'
linking...
..\Output\SZ_STM32F103ZE_DEMO.axf: error: L6002U: Could not open file ..\output\main.o: No such file or directory
Not enough information to list image symbols.
Not enough information to list load addresses in the image map.
Finished: 2 information, 0 warning, 0 error and 1 fatal error messages.
"..\Output\SZ_STM32F103ZE_DEMO.axf" - 1 Error(s), 0 Warning(s).
Target not created.
Build Time Elapsed:  00:00:03
